2025-04-29 17:07:19 | DEBUG | urllib3.util.retry:286 | Converted retries value: 3 -> Retry(total=3, connect=None, read=None, redirect=None, status=None)
2025-04-29 17:07:21 | WARNING | root:31 | [load_ad_name_mapping] faltam colunas: CRIATIVO
2025-04-29 17:07:22 | INFO  | root:34 | Colunas reais detectadas (linha 2): ['', 'NOME CAMPANHA', 'PLATAFORMA/  REDE/PORTAL', 'VEÍCULOS', 'CATEGORIA OBRIGATÓRIO', 'FORMATO OBRIGATÓRIO', 'REGIÃO OBRIGATÓRIO', 'REMARKETING/AÇÃO OBRIGATÓRIO', 'START', 'END', 'CRIATIVO/INFLUENCIADOR ESCREVA USANDO - COMO ESPAÇO OBRIGATÓRIO', 'AD_PREVIEW', 'URL DE DESTINO  (LIVRE)', 'RESPONSÁVEL OBRIGATÓRIO', 'OBJETIVO OBRIGATÓRIO', 'TIPO DE COMPRA OBRIGATÓRIO', 'SEGMENTAÇÃO OBRIGATÓRIA! ESCREVA DE FORMA RESUMIDA', 'PREVIEW', 'RESPONSÁVEL OBRIGATÓRIO', 'ID', '', 'REMARKETING E AÇÃO', 'AGÊNCIA', 'SIGLA', 'URL', 'EDITORIA', 'UTM_SOURCE', 'UTM_MEDIUM', 'UTM_MEDIUM2', 'FORMATO', 'UTM_CAMPAIGN', 'OBJETIVO', 'REGIÃO', 'UTM_TERM', 'UTM_CONTENT', 'URL?UTM_SOURCE=UTM_SOURCE&UTM_MEDIUM=UTM_MEDIUM&UTM_CAMPAIGN=UTM_CAMPAIGN&UTM_TERM=UTM_TERM&UTM_CONTENT=UTM_CONTENT', 'CAMPANHA', 'CONJUNTO DE ANÚNCIO  (NÃO APLICÁVEL PARA LINKEDIN)', 'CRIATIVO', 'GERAR LINK?', 'URL PARAMETRIZADA', 'CAMPANHAREDES', 'CONJUNTOANUNCIOSREDES', 'CRIATIVOREDES']
2025-04-29 17:07:22 | INFO  | root:50 | Coluna de lookup: 'NOME CAMPANHA'
2025-04-29 17:07:22 | INFO  | root:51 | Coluna usada para Campanha (destino): 'NOME CAMPANHA'
2025-04-29 17:07:22 | INFO  | root:52 | Coluna usada para SIGLA: 'SIGLA'
2025-04-29 17:07:22 | INFO  | root:63 | Total de campanhas mapeadas: 8
2025-04-29 17:07:22 | INFO  | root:64 | Exemplos de chaves no mapping (Campanha): ['ALWAYS ON - DIA MUNDIAL DA ENERGIA', 'CATALISA ICT', 'INOVA CERRADO E PANTANAL', 'INOVA PANTANAL', 'EMPREENDEDORISMO FEMININO', 'PEGN', '#REF!', '']
2025-04-29 17:07:23 | INFO  | run_etl_geral:66 | 🚚  PROCESSANDO plataforma: meta
2025-04-29 17:07:25 | INFO  | utils.substitute_origin_values:161 | [subst] nenhuma célula a gravar – nada foi alterado
2025-04-29 17:07:25 | WARNING | utils.normalize:101 | [normalize_date_columns] 1 valores inválidos em 'Date' (ex.: [''])
2025-04-29 17:07:25 | WARNING | utils.normalize:101 | [normalize_date_columns] 1 valores inválidos em 'Start' (ex.: [''])
2025-04-29 17:07:25 | WARNING | utils.normalize:101 | [normalize_date_columns] 1665 valores inválidos em 'End' (ex.: [''])
2025-04-29 17:07:27 | INFO  | utils.datas:58 | BI_PARAMETRIZAÇÃO loaded: 4943 rows
2025-04-29 17:07:27 | INFO  | utils.datas:88 | Preenchendo 'Start' via Ad name: 1 células
2025-04-29 17:07:27 | INFO  | utils.datas:106 | Preenchendo 'End' via Ad name: 1 células
2025-04-29 17:07:27 | INFO  | utils.datas:121 | fill_missing_start_end: wrote 2 cells
2025-04-29 17:07:29 | WARNING | load_utm_mapping:34 | Column 'UTM_CONTENT' not found in BI_PARAMETRIZAÇÃO; using empty keys
2025-04-29 17:07:29 | INFO  | load_utm_mapping:49 | Loaded 0 UTM entries for start/end lookup
2025-04-29 17:07:29 | INFO  | utils.utm_lookup:69 | [utm_lookup] Empty mapping – nothing to fill.
2025-04-29 17:07:29 | INFO  | scripts.etl_geral:61 | TIPOS em 'Fim_da_Campanha':
2025-04-29 17:07:29 | INFO  | scripts.etl_geral:62 | 
Fim_da_Campanha
<class 'datetime.date'>    7144
<class 'str'>              1665
Name: count, dtype: int64
2025-04-29 17:07:30 | INFO  | run_etl_geral:105 | ➕  8809 novas linhas de meta preparadas
2025-04-29 17:07:50 | INFO  | run_etl_geral:66 | 🚚  PROCESSANDO plataforma: tiktok
2025-04-29 17:07:52 | INFO  | utils.substitute_origin_values:161 | [subst] nenhuma célula a gravar – nada foi alterado
2025-04-29 17:07:52 | WARNING | utils.normalize:101 | [normalize_date_columns] 4744 valores inválidos em 'Date' (ex.: [''])
2025-04-29 17:07:52 | WARNING | utils.normalize:101 | [normalize_date_columns] 4744 valores inválidos em 'Start' (ex.: [''])
2025-04-29 17:07:52 | WARNING | utils.normalize:101 | [normalize_date_columns] 4744 valores inválidos em 'End' (ex.: [''])
2025-04-29 17:07:54 | INFO  | utils.datas:58 | BI_PARAMETRIZAÇÃO loaded: 4943 rows
2025-04-29 17:07:54 | INFO  | utils.datas:88 | Preenchendo 'Start' via Ad name: 4744 células
2025-04-29 17:07:54 | INFO  | utils.datas:106 | Preenchendo 'End' via Ad name: 4744 células
2025-04-29 17:08:01 | INFO  | utils.datas:121 | fill_missing_start_end: wrote 9488 cells
2025-04-29 17:08:03 | WARNING | load_utm_mapping:34 | Column 'UTM_CONTENT' not found in BI_PARAMETRIZAÇÃO; using empty keys
2025-04-29 17:08:03 | INFO  | load_utm_mapping:49 | Loaded 0 UTM entries for start/end lookup
2025-04-29 17:08:03 | INFO  | utils.utm_lookup:69 | [utm_lookup] Empty mapping – nothing to fill.
2025-04-29 17:08:03 | INFO  | scripts.etl_geral:61 | TIPOS em 'Fim_da_Campanha':
2025-04-29 17:08:03 | INFO  | scripts.etl_geral:62 | 
Fim_da_Campanha
<class 'str'>              4744
<class 'datetime.date'>     128
Name: count, dtype: int64
2025-04-29 17:08:04 | INFO  | run_etl_geral:105 | ➕  4872 novas linhas de tiktok preparadas
2025-04-29 17:08:36 | INFO  | root:40 | Inseridos 13681 registros na aba 'modeloGeral' a partir da linha 2.
2025-04-29 17:08:36 | INFO  | root:41 | Planilha redimensionada para 13682 linhas e 27 colunas.
2025-04-29 17:08:36 | INFO  | run_etl_geral:118 | 🏁  Inseridos 13681 novos registros em modeloGeral
2025-04-29 17:10:50 | DEBUG | urllib3.util.retry:286 | Converted retries value: 3 -> Retry(total=3, connect=None, read=None, redirect=None, status=None)
2025-04-29 17:10:52 | WARNING | root:31 | [load_ad_name_mapping] faltam colunas: CRIATIVO
2025-04-29 17:10:53 | INFO  | root:34 | Colunas reais detectadas (linha 2): ['', 'NOME CAMPANHA', 'PLATAFORMA/  REDE/PORTAL', 'VEÍCULOS', 'CATEGORIA OBRIGATÓRIO', 'FORMATO OBRIGATÓRIO', 'REGIÃO OBRIGATÓRIO', 'REMARKETING/AÇÃO OBRIGATÓRIO', 'START', 'END', 'CRIATIVO/INFLUENCIADOR ESCREVA USANDO - COMO ESPAÇO OBRIGATÓRIO', 'AD_PREVIEW', 'URL DE DESTINO  (LIVRE)', 'RESPONSÁVEL OBRIGATÓRIO', 'OBJETIVO OBRIGATÓRIO', 'TIPO DE COMPRA OBRIGATÓRIO', 'SEGMENTAÇÃO OBRIGATÓRIA! ESCREVA DE FORMA RESUMIDA', 'PREVIEW', 'RESPONSÁVEL OBRIGATÓRIO', 'ID', '', 'REMARKETING E AÇÃO', 'AGÊNCIA', 'SIGLA', 'URL', 'EDITORIA', 'UTM_SOURCE', 'UTM_MEDIUM', 'UTM_MEDIUM2', 'FORMATO', 'UTM_CAMPAIGN', 'OBJETIVO', 'REGIÃO', 'UTM_TERM', 'UTM_CONTENT', 'URL?UTM_SOURCE=UTM_SOURCE&UTM_MEDIUM=UTM_MEDIUM&UTM_CAMPAIGN=UTM_CAMPAIGN&UTM_TERM=UTM_TERM&UTM_CONTENT=UTM_CONTENT', 'CAMPANHA', 'CONJUNTO DE ANÚNCIO  (NÃO APLICÁVEL PARA LINKEDIN)', 'CRIATIVO', 'GERAR LINK?', 'URL PARAMETRIZADA', 'CAMPANHAREDES', 'CONJUNTOANUNCIOSREDES', 'CRIATIVOREDES']
2025-04-29 17:10:53 | INFO  | root:50 | Coluna de lookup: 'NOME CAMPANHA'
2025-04-29 17:10:53 | INFO  | root:51 | Coluna usada para Campanha (destino): 'NOME CAMPANHA'
2025-04-29 17:10:53 | INFO  | root:52 | Coluna usada para SIGLA: 'SIGLA'
2025-04-29 17:10:53 | INFO  | root:63 | Total de campanhas mapeadas: 8
2025-04-29 17:10:53 | INFO  | root:64 | Exemplos de chaves no mapping (Campanha): ['ALWAYS ON - DIA MUNDIAL DA ENERGIA', 'CATALISA ICT', 'INOVA CERRADO E PANTANAL', 'INOVA PANTANAL', 'EMPREENDEDORISMO FEMININO', 'PEGN', '#REF!', '']
2025-04-29 17:10:53 | INFO  | run_etl_geral:66 | 🚚  PROCESSANDO plataforma: meta
2025-04-29 17:10:55 | INFO  | utils.substitute_origin_values:161 | [subst] nenhuma célula a gravar – nada foi alterado
2025-04-29 17:10:56 | WARNING | utils.normalize:101 | [normalize_date_columns] 1 valores inválidos em 'Date' (ex.: [''])
2025-04-29 17:10:56 | WARNING | utils.normalize:101 | [normalize_date_columns] 1 valores inválidos em 'Start' (ex.: [''])
2025-04-29 17:10:56 | WARNING | utils.normalize:101 | [normalize_date_columns] 1665 valores inválidos em 'End' (ex.: [''])
2025-04-29 17:10:57 | INFO  | utils.datas:58 | BI_PARAMETRIZAÇÃO loaded: 4943 rows
2025-04-29 17:10:57 | INFO  | utils.datas:88 | Preenchendo 'Start' via Ad name: 1 células
2025-04-29 17:10:57 | INFO  | utils.datas:106 | Preenchendo 'End' via Ad name: 1 células
2025-04-29 17:10:58 | INFO  | utils.datas:121 | fill_missing_start_end: wrote 2 cells
2025-04-29 17:10:59 | WARNING | load_utm_mapping:34 | Column 'UTM_CONTENT' not found in BI_PARAMETRIZAÇÃO; using empty keys
2025-04-29 17:10:59 | INFO  | load_utm_mapping:49 | Loaded 0 UTM entries for start/end lookup
2025-04-29 17:10:59 | INFO  | utils.utm_lookup:69 | [utm_lookup] Empty mapping – nothing to fill.
2025-04-29 17:10:59 | INFO  | scripts.etl_geral:61 | TIPOS em 'Fim_da_Campanha':
2025-04-29 17:10:59 | INFO  | scripts.etl_geral:62 | 
Fim_da_Campanha
<class 'datetime.date'>    7144
<class 'str'>              1665
Name: count, dtype: int64
2025-04-29 17:11:00 | INFO  | run_etl_geral:105 | ➕  8809 novas linhas de meta preparadas
2025-04-29 17:11:20 | INFO  | run_etl_geral:66 | 🚚  PROCESSANDO plataforma: tiktok
2025-04-29 17:11:21 | INFO  | utils.substitute_origin_values:161 | [subst] nenhuma célula a gravar – nada foi alterado
2025-04-29 17:11:22 | WARNING | utils.normalize:101 | [normalize_date_columns] 4872 valores inválidos em 'Date' (ex.: [''])
2025-04-29 17:11:22 | WARNING | utils.normalize:101 | [normalize_date_columns] 4872 valores inválidos em 'Start' (ex.: [''])
2025-04-29 17:11:22 | WARNING | utils.normalize:101 | [normalize_date_columns] 4872 valores inválidos em 'End' (ex.: [''])
2025-04-29 17:11:23 | INFO  | utils.datas:58 | BI_PARAMETRIZAÇÃO loaded: 4943 rows
2025-04-29 17:11:23 | INFO  | utils.datas:88 | Preenchendo 'Start' via Ad name: 4872 células
2025-04-29 17:11:23 | INFO  | utils.datas:106 | Preenchendo 'End' via Ad name: 4872 células
2025-04-29 17:11:35 | INFO  | utils.datas:121 | fill_missing_start_end: wrote 9744 cells
2025-04-29 17:11:37 | INFO  | utils.normalize:182 | [fill_empty_objective_with_reach] preenchendo 4872 células vazias em 'Campaign objective type' com 'REACH'
2025-04-29 17:11:38 | INFO  | utils.normalize:191 | [fill_empty_objective_with_reach] gravadas 4872 células no Sheets
2025-04-29 17:11:39 | WARNING | load_utm_mapping:34 | Column 'UTM_CONTENT' not found in BI_PARAMETRIZAÇÃO; using empty keys
2025-04-29 17:11:39 | INFO  | load_utm_mapping:49 | Loaded 0 UTM entries for start/end lookup
2025-04-29 17:11:39 | INFO  | utils.utm_lookup:69 | [utm_lookup] Empty mapping – nothing to fill.
2025-04-29 17:11:39 | INFO  | scripts.etl_geral:61 | TIPOS em 'Fim_da_Campanha':
2025-04-29 17:11:39 | INFO  | scripts.etl_geral:62 | 
Fim_da_Campanha
<class 'str'>    4872
Name: count, dtype: int64
2025-04-29 17:11:40 | INFO  | run_etl_geral:105 | ➕  4872 novas linhas de tiktok preparadas
2025-04-29 17:12:12 | INFO  | root:40 | Inseridos 13681 registros na aba 'modeloGeral' a partir da linha 2.
2025-04-29 17:12:12 | INFO  | root:41 | Planilha redimensionada para 13682 linhas e 27 colunas.
2025-04-29 17:12:12 | INFO  | run_etl_geral:118 | 🏁  Inseridos 13681 novos registros em modeloGeral
2025-04-30 14:27:02 | DEBUG | urllib3.util.retry:286 | Converted retries value: 3 -> Retry(total=3, connect=None, read=None, redirect=None, status=None)
2025-04-30 14:27:02 | INFO  | root:44 | === Iniciando ETL Geral para plataforma: tiktok ===
2025-04-30 14:27:02 | INFO  | root:62 | Lendo dados da aba de origem 'tiktokGeral'...
2025-04-30 14:27:02 | DEBUG | urllib3.util.retry:286 | Converted retries value: 3 -> Retry(total=3, connect=None, read=None, redirect=None, status=None)
2025-04-30 14:27:02 | DEBUG | google.auth.transport.requests:185 | Making request: POST https://oauth2.googleapis.com/token
2025-04-30 14:27:02 | DEBUG | urllib3.connectionpool:1049 | Starting new HTTPS connection (1): oauth2.googleapis.com:443
2025-04-30 14:27:03 | DEBUG | urllib3.connectionpool:544 | https://oauth2.googleapis.com:443 "POST /token HTTP/1.1" 200 None
2025-04-30 14:27:03 | DEBUG | urllib3.connectionpool:1049 | Starting new HTTPS connection (1): sheets.googleapis.com:443
2025-04-30 14:27:03 | DEBUG | urllib3.connectionpool:544 | https://sheets.googleapis.com:443 "GET /v4/spreadsheets/1DazUQxspLgT0utOFHcTINbFngXw7Fq0LOq6v4lRGixg?includeGridData=false HTTP/1.1" 200 None
2025-04-30 14:27:04 | DEBUG | urllib3.connectionpool:544 | https://sheets.googleapis.com:443 "GET /v4/spreadsheets/1DazUQxspLgT0utOFHcTINbFngXw7Fq0LOq6v4lRGixg?includeGridData=false HTTP/1.1" 200 None
2025-04-30 14:27:04 | DEBUG | urllib3.connectionpool:544 | https://sheets.googleapis.com:443 "GET /v4/spreadsheets/1DazUQxspLgT0utOFHcTINbFngXw7Fq0LOq6v4lRGixg/values/%27tiktokGeral%27?valueRenderOption=FORMULA&dateTimeRenderOption=FORMATTED_STRING HTTP/1.1" 200 None
2025-04-30 14:27:04 | DEBUG | urllib3.util.retry:286 | Converted retries value: 3 -> Retry(total=3, connect=None, read=None, redirect=None, status=None)
2025-04-30 14:27:04 | DEBUG | google.auth.transport.requests:185 | Making request: POST https://oauth2.googleapis.com/token
2025-04-30 14:27:04 | DEBUG | urllib3.connectionpool:1049 | Starting new HTTPS connection (1): oauth2.googleapis.com:443
2025-04-30 14:27:05 | DEBUG | urllib3.connectionpool:544 | https://oauth2.googleapis.com:443 "POST /token HTTP/1.1" 200 None
2025-04-30 14:27:05 | DEBUG | urllib3.connectionpool:1049 | Starting new HTTPS connection (1): sheets.googleapis.com:443
2025-04-30 14:27:05 | DEBUG | urllib3.connectionpool:544 | https://sheets.googleapis.com:443 "GET /v4/spreadsheets/1DazUQxspLgT0utOFHcTINbFngXw7Fq0LOq6v4lRGixg?includeGridData=false HTTP/1.1" 200 None
2025-04-30 14:27:05 | DEBUG | urllib3.connectionpool:544 | https://sheets.googleapis.com:443 "GET /v4/spreadsheets/1DazUQxspLgT0utOFHcTINbFngXw7Fq0LOq6v4lRGixg?includeGridData=false HTTP/1.1" 200 None
2025-04-30 14:27:06 | DEBUG | urllib3.connectionpool:544 | https://sheets.googleapis.com:443 "GET /v4/spreadsheets/1DazUQxspLgT0utOFHcTINbFngXw7Fq0LOq6v4lRGixg/values/%27tiktokGeral%27%21A1%3A1 HTTP/1.1" 200 None
2025-04-30 14:27:06 | DEBUG | root:68 | Cabeçalho real encontrado na aba 'tiktokGeral': ['Date', 'Account name', 'Campaign name', 'Ad group name', 'Ad name', 'Campaign ID', 'Start', 'End', 'Campaign objective type', 'Preview Link', 'Placement', 'Content (utm)', 'Impressions', 'Cost', 'Link clicks', 'Video_Play', 'Video watches at 25%', 'Video watches at 50%', 'Video watches at 75%', 'Video watches at 100%', 'Post reactions', 'Post shares', 'Post comments', 'Post comments']
2025-04-30 14:27:06 | DEBUG | urllib3.util.retry:286 | Converted retries value: 3 -> Retry(total=3, connect=None, read=None, redirect=None, status=None)
2025-04-30 14:27:06 | DEBUG | google.auth.transport.requests:185 | Making request: POST https://oauth2.googleapis.com/token
2025-04-30 14:27:06 | DEBUG | urllib3.connectionpool:1049 | Starting new HTTPS connection (1): oauth2.googleapis.com:443
2025-04-30 14:27:06 | DEBUG | urllib3.connectionpool:544 | https://oauth2.googleapis.com:443 "POST /token HTTP/1.1" 200 None
2025-04-30 14:27:06 | DEBUG | urllib3.connectionpool:1049 | Starting new HTTPS connection (1): sheets.googleapis.com:443
2025-04-30 14:27:06 | DEBUG | urllib3.connectionpool:544 | https://sheets.googleapis.com:443 "GET /v4/spreadsheets/1DazUQxspLgT0utOFHcTINbFngXw7Fq0LOq6v4lRGixg?includeGridData=false HTTP/1.1" 200 None
2025-04-30 14:27:07 | DEBUG | urllib3.connectionpool:544 | https://sheets.googleapis.com:443 "GET /v4/spreadsheets/1DazUQxspLgT0utOFHcTINbFngXw7Fq0LOq6v4lRGixg?includeGridData=false HTTP/1.1" 200 None
2025-04-30 14:27:07 | DEBUG | urllib3.connectionpool:544 | https://sheets.googleapis.com:443 "GET /v4/spreadsheets/1DazUQxspLgT0utOFHcTINbFngXw7Fq0LOq6v4lRGixg/values/%27tiktokGeral%27%21A1%3A1 HTTP/1.1" 200 None
2025-04-30 14:27:07 | DEBUG | utils.substitute_origin_values:120 | [subst] nenhuma ocorrência em Content (utm)
2025-04-30 14:27:07 | DEBUG | utils.substitute_origin_values:126 | [subst] 3 alterações em 'Campaign name'. Ex.: ['TOPVIEW-20250321-Q-20250301460526-2025031002130', 'TOPVIEW-20250321-Q-20250301460526-2025031002130', 'TOPVIEW-20250321-Q-20250301460526-2025031002130'] → ['2025_3_EMPREENDEDORISMO FEMININO_ALC_COMERCIALIZAÇÃO_CPM', '2025_3_EMPREENDEDORISMO FEMININO_ALC_COMERCIALIZAÇÃO_CPM', '2025_3_EMPREENDEDORISMO FEMININO_ALC_COMERCIALIZAÇÃO_CPM']
2025-04-30 14:27:07 | INFO  | utils.substitute_origin_values:153 | [subst] 3 células preparadas para gravação em 'Campaign name'
2025-04-30 14:27:07 | DEBUG | utils.substitute_origin_values:126 | [subst] 3 alterações em 'Ad group name'. Ex.: ['TOPVIEW-BR-20250321-Q-20250301460526-2025031076487', 'TOPVIEW-BR-20250321-Q-20250301460526-2025031076487', 'TOPVIEW-BR-20250321-Q-20250301460526-2025031076487'] → ['2025_3_EMPREENDEDORISMO FEMININO_ALC_COMERCIALIZAÇÃO_CPM', '2025_3_EMPREENDEDORISMO FEMININO_ALC_COMERCIALIZAÇÃO_CPM', '2025_3_EMPREENDEDORISMO FEMININO_ALC_COMERCIALIZAÇÃO_CPM']
2025-04-30 14:27:07 | INFO  | utils.substitute_origin_values:153 | [subst] 3 células preparadas para gravação em 'Ad group name'
2025-04-30 14:27:07 | DEBUG | utils.substitute_origin_values:126 | [subst] 3 alterações em 'Ad name'. Ex.: ['Ad name2025-03-20 18:28:41', 'Ad name2025-03-20 18:28:41', 'Ad name2025-03-20 18:28:41'] → ['2025_3_BR_VÍDEO_RESPOSTA_BRANDED_MISSION_1_ACAO_DBT_SBRAE_2025_EMP_FEM0062', '2025_3_BR_VÍDEO_RESPOSTA_BRANDED_MISSION_1_ACAO_DBT_SBRAE_2025_EMP_FEM0062', '2025_3_BR_VÍDEO_RESPOSTA_BRANDED_MISSION_1_ACAO_DBT_SBRAE_2025_EMP_FEM0062']
2025-04-30 14:27:07 | INFO  | utils.substitute_origin_values:153 | [subst] 3 células preparadas para gravação em 'Ad name'
2025-04-30 14:27:07 | DEBUG | urllib3.connectionpool:544 | https://sheets.googleapis.com:443 "POST /v4/spreadsheets/1DazUQxspLgT0utOFHcTINbFngXw7Fq0LOq6v4lRGixg/values:batchUpdate HTTP/1.1" 200 None
2025-04-30 14:27:07 | INFO  | utils.substitute_origin_values:159 | [subst] gravação concluída – total de 9 células
2025-04-30 14:27:07 | DEBUG | urllib3.util.retry:286 | Converted retries value: 3 -> Retry(total=3, connect=None, read=None, redirect=None, status=None)
2025-04-30 14:27:07 | DEBUG | google.auth.transport.requests:185 | Making request: POST https://oauth2.googleapis.com/token
2025-04-30 14:27:07 | DEBUG | urllib3.connectionpool:1049 | Starting new HTTPS connection (1): oauth2.googleapis.com:443
2025-04-30 14:27:08 | DEBUG | urllib3.connectionpool:544 | https://oauth2.googleapis.com:443 "POST /token HTTP/1.1" 200 None
2025-04-30 14:27:08 | DEBUG | urllib3.connectionpool:1049 | Starting new HTTPS connection (1): sheets.googleapis.com:443
2025-04-30 14:27:08 | DEBUG | urllib3.connectionpool:544 | https://sheets.googleapis.com:443 "GET /v4/spreadsheets/1DazUQxspLgT0utOFHcTINbFngXw7Fq0LOq6v4lRGixg?includeGridData=false HTTP/1.1" 200 None
2025-04-30 14:27:08 | DEBUG | urllib3.connectionpool:544 | https://sheets.googleapis.com:443 "GET /v4/spreadsheets/1DazUQxspLgT0utOFHcTINbFngXw7Fq0LOq6v4lRGixg?includeGridData=false HTTP/1.1" 200 None
2025-04-30 14:27:09 | DEBUG | urllib3.connectionpool:544 | https://sheets.googleapis.com:443 "GET /v4/spreadsheets/1DazUQxspLgT0utOFHcTINbFngXw7Fq0LOq6v4lRGixg/values/%27tiktokGeral%27%21A1%3A1 HTTP/1.1" 200 None
2025-04-30 14:27:09 | WARNING | utils.normalize:101 | [normalize_date_columns] 4744 valores inválidos em 'Date' (ex.: [''])
2025-04-30 14:27:09 | WARNING | utils.normalize:101 | [normalize_date_columns] 4747 valores inválidos em 'Start' (ex.: [''])
2025-04-30 14:27:09 | WARNING | utils.normalize:101 | [normalize_date_columns] 4747 valores inválidos em 'End' (ex.: [''])
2025-04-30 14:27:09 | DEBUG | urllib3.connectionpool:544 | https://sheets.googleapis.com:443 "POST /v4/spreadsheets/1DazUQxspLgT0utOFHcTINbFngXw7Fq0LOq6v4lRGixg/values:batchUpdate HTTP/1.1" 200 None
2025-04-30 14:27:09 | INFO  | utils.normalize:125 | [normalize_date_columns] 250 células atualizadas no Sheets
2025-04-30 14:27:09 | INFO  | root:87 | Preenchendo datas Start/End faltantes a partir de BI_PARAMETRIZAÇÃO…
2025-04-30 14:27:09 | DEBUG | urllib3.util.retry:286 | Converted retries value: 3 -> Retry(total=3, connect=None, read=None, redirect=None, status=None)
2025-04-30 14:27:09 | DEBUG | google.auth.transport.requests:185 | Making request: POST https://oauth2.googleapis.com/token
2025-04-30 14:27:09 | DEBUG | urllib3.connectionpool:1049 | Starting new HTTPS connection (1): oauth2.googleapis.com:443
2025-04-30 14:27:09 | DEBUG | urllib3.connectionpool:544 | https://oauth2.googleapis.com:443 "POST /token HTTP/1.1" 200 None
2025-04-30 14:27:09 | DEBUG | urllib3.connectionpool:1049 | Starting new HTTPS connection (1): sheets.googleapis.com:443
2025-04-30 14:27:10 | DEBUG | urllib3.connectionpool:544 | https://sheets.googleapis.com:443 "GET /v4/spreadsheets/1DazUQxspLgT0utOFHcTINbFngXw7Fq0LOq6v4lRGixg?includeGridData=false HTTP/1.1" 200 None
2025-04-30 14:27:10 | DEBUG | urllib3.connectionpool:544 | https://sheets.googleapis.com:443 "GET /v4/spreadsheets/1DazUQxspLgT0utOFHcTINbFngXw7Fq0LOq6v4lRGixg?includeGridData=false HTTP/1.1" 200 None
2025-04-30 14:27:10 | DEBUG | urllib3.connectionpool:544 | https://sheets.googleapis.com:443 "GET /v4/spreadsheets/1DazUQxspLgT0utOFHcTINbFngXw7Fq0LOq6v4lRGixg/values/%27tiktokGeral%27%21A1%3A1 HTTP/1.1" 200 None
2025-04-30 14:27:10 | DEBUG | urllib3.util.retry:286 | Converted retries value: 3 -> Retry(total=3, connect=None, read=None, redirect=None, status=None)
2025-04-30 14:27:10 | DEBUG | google.auth.transport.requests:185 | Making request: POST https://oauth2.googleapis.com/token
2025-04-30 14:27:10 | DEBUG | urllib3.connectionpool:1049 | Starting new HTTPS connection (1): oauth2.googleapis.com:443
2025-04-30 14:27:11 | DEBUG | urllib3.connectionpool:544 | https://oauth2.googleapis.com:443 "POST /token HTTP/1.1" 200 None
2025-04-30 14:27:11 | DEBUG | urllib3.connectionpool:1049 | Starting new HTTPS connection (1): sheets.googleapis.com:443
2025-04-30 14:27:11 | DEBUG | urllib3.connectionpool:544 | https://sheets.googleapis.com:443 "GET /v4/spreadsheets/1DazUQxspLgT0utOFHcTINbFngXw7Fq0LOq6v4lRGixg?includeGridData=false HTTP/1.1" 200 None
2025-04-30 14:27:12 | DEBUG | urllib3.connectionpool:544 | https://sheets.googleapis.com:443 "GET /v4/spreadsheets/1DazUQxspLgT0utOFHcTINbFngXw7Fq0LOq6v4lRGixg?includeGridData=false HTTP/1.1" 200 None
2025-04-30 14:27:12 | DEBUG | urllib3.connectionpool:544 | https://sheets.googleapis.com:443 "GET /v4/spreadsheets/1DazUQxspLgT0utOFHcTINbFngXw7Fq0LOq6v4lRGixg/values/%27BI_PARAMETRIZA%C3%87%C3%83O%27 HTTP/1.1" 200 None
2025-04-30 14:27:12 | INFO  | utils.datas:58 | BI_PARAMETRIZAÇÃO loaded: 4944 rows
2025-04-30 14:27:12 | ERROR | utils.datas:63 | Coluna 'taxonomy_ad_name' faltando em BI_PARAMETRIZAÇÃO, skipping fill_missing_start_end
2025-04-30 14:27:12 | DEBUG | urllib3.util.retry:286 | Converted retries value: 3 -> Retry(total=3, connect=None, read=None, redirect=None, status=None)
2025-04-30 14:27:12 | DEBUG | google.auth.transport.requests:185 | Making request: POST https://oauth2.googleapis.com/token
2025-04-30 14:27:12 | DEBUG | urllib3.connectionpool:1049 | Starting new HTTPS connection (1): oauth2.googleapis.com:443
2025-04-30 14:27:12 | DEBUG | urllib3.connectionpool:544 | https://oauth2.googleapis.com:443 "POST /token HTTP/1.1" 200 None
2025-04-30 14:27:12 | DEBUG | urllib3.connectionpool:1049 | Starting new HTTPS connection (1): sheets.googleapis.com:443
2025-04-30 14:27:13 | DEBUG | urllib3.connectionpool:544 | https://sheets.googleapis.com:443 "GET /v4/spreadsheets/1DazUQxspLgT0utOFHcTINbFngXw7Fq0LOq6v4lRGixg?includeGridData=false HTTP/1.1" 200 None
2025-04-30 14:27:13 | DEBUG | urllib3.connectionpool:544 | https://sheets.googleapis.com:443 "GET /v4/spreadsheets/1DazUQxspLgT0utOFHcTINbFngXw7Fq0LOq6v4lRGixg?includeGridData=false HTTP/1.1" 200 None
2025-04-30 14:27:13 | DEBUG | urllib3.connectionpool:544 | https://sheets.googleapis.com:443 "GET /v4/spreadsheets/1DazUQxspLgT0utOFHcTINbFngXw7Fq0LOq6v4lRGixg/values/%27tiktokGeral%27%21A1%3A1 HTTP/1.1" 200 None
2025-04-30 14:27:13 | INFO  | utils.normalize:182 | [fill_empty_objective_with_reach] preenchendo 3 células vazias em 'Campaign objective type' com 'REACH'
2025-04-30 14:27:13 | DEBUG | urllib3.connectionpool:544 | https://sheets.googleapis.com:443 "POST /v4/spreadsheets/1DazUQxspLgT0utOFHcTINbFngXw7Fq0LOq6v4lRGixg/values:batchUpdate HTTP/1.1" 200 None
2025-04-30 14:27:13 | INFO  | utils.normalize:191 | [fill_empty_objective_with_reach] gravadas 3 células no Sheets
2025-04-30 14:27:13 | DEBUG | root:107 | df_origin shape após limpeza: (128, 36)
2025-04-30 14:27:13 | INFO  | root:110 | Carregando mapeamentos de campanha (BI_PARAMETRIZAÇÃO)...
2025-04-30 14:27:13 | DEBUG | utils.lookups_bi_parametrizacao:33 | [BIParamLookup] Inicializado para spreadsheet_id=1DazUQxspLgT0utOFHcTINbFngXw7Fq0LOq6v4lRGixg
2025-04-30 14:27:13 | DEBUG | utils.lookups_bi_parametrizacao:41 | [BIParamLookup] Carregando BI_PARAMETRIZAÇÃO
2025-04-30 14:27:13 | DEBUG | urllib3.util.retry:286 | Converted retries value: 3 -> Retry(total=3, connect=None, read=None, redirect=None, status=None)
2025-04-30 14:27:13 | DEBUG | google.auth.transport.requests:185 | Making request: POST https://oauth2.googleapis.com/token
2025-04-30 14:27:13 | DEBUG | urllib3.connectionpool:1049 | Starting new HTTPS connection (1): oauth2.googleapis.com:443
2025-04-30 14:27:14 | DEBUG | urllib3.connectionpool:544 | https://oauth2.googleapis.com:443 "POST /token HTTP/1.1" 200 None
2025-04-30 14:27:14 | DEBUG | urllib3.connectionpool:1049 | Starting new HTTPS connection (1): sheets.googleapis.com:443
2025-04-30 14:28:22 | DEBUG | urllib3.connectionpool:544 | https://sheets.googleapis.com:443 "GET /v4/spreadsheets/1DazUQxspLgT0utOFHcTINbFngXw7Fq0LOq6v4lRGixg?includeGridData=false HTTP/1.1" 200 None
2025-04-30 14:28:22 | DEBUG | urllib3.connectionpool:544 | https://sheets.googleapis.com:443 "GET /v4/spreadsheets/1DazUQxspLgT0utOFHcTINbFngXw7Fq0LOq6v4lRGixg?includeGridData=false HTTP/1.1" 200 None
2025-04-30 14:28:23 | DEBUG | urllib3.connectionpool:544 | https://sheets.googleapis.com:443 "GET /v4/spreadsheets/1DazUQxspLgT0utOFHcTINbFngXw7Fq0LOq6v4lRGixg/values/%27BI_PARAMETRIZA%C3%87%C3%83O%27 HTTP/1.1" 200 None
2025-04-30 14:28:23 | DEBUG | utils.normalize:312 | normalize_columns: recebendo colunas ['', 'campaign_name', 'platform_network_portal', 'vehicle', 'category', 'format', 'region', 'remarketing_or_action', 'start', 'end', 'ad_name_raw', 'ad_preview_link', 'landing_page_url', 'responsible', 'objective', 'purchase_type', 'segmentation', 'responible', 'utm_content_raw', 'utm_source_raw', 'remarketing_or_action_raw', 'agency_raw', 'utm_campaign_raw', 'base_urn', 'type_comunication', 'utm_source', 'utm_medium', 'utm_medium2', 'formato', 'utm_campaign', 'objective', 'region', 'utm_term', 'utm_content', 'url_final_raw', 'taxonomy_campaign_name', 'taxonomy_ad_group_name', 'taxonomy_ad_name', 'generate_parametrized_link', 'parametrized_link', 'taxonomy_campaign_name_social', 'taxonomy_ad_group_name_social', 'taxonomy_ad_name_social']
2025-04-30 14:28:23 | DEBUG | utils.normalize:324 | normalize_columns: colunas normalizadas ['', 'campaign_name', 'platform_network_portal', 'vehicle', 'category', 'format', 'region', 'remarketing_or_action', 'start', 'end', 'ad_name_raw', 'ad_preview_link', 'landing_page_url', 'responsible', 'objective', 'purchase_type', 'segmentation', 'responible', 'utm_content_raw', 'utm_source_raw', 'remarketing_or_action_raw', 'agency_raw', 'utm_campaign_raw', 'base_urn', 'type_comunication', 'utm_source', 'utm_medium', 'utm_medium2', 'formato', 'utm_campaign', 'objective', 'region', 'utm_term', 'utm_content', 'url_final_raw', 'taxonomy_campaign_name', 'taxonomy_ad_group_name', 'taxonomy_ad_name', 'generate_parametrized_link', 'parametrized_link', 'taxonomy_campaign_name_social', 'taxonomy_ad_group_name_social', 'taxonomy_ad_name_social']
2025-04-30 14:28:23 | INFO  | utils.lookups_bi_parametrizacao:51 | [BIParamLookup] 4944 linhas carregadas de 'BI_PARAMETRIZAÇÃO'
2025-04-30 14:28:23 | DEBUG | utils.lookups_bi_parametrizacao:64 | [BIParamLookup] Cache invalidado e DataFrame recarregado
2025-04-30 14:28:23 | DEBUG | utils.lookups_bi_parametrizacao:79 | [BIParamLookup] Coluna 'ad_name_raw' encontrada para 'ad_name'
2025-04-30 14:28:23 | DEBUG | utils.lookups_bi_parametrizacao:79 | [BIParamLookup] Coluna 'taxonomy_campaign_name' encontrada para 'taxonomy_campaign_name'
2025-04-30 14:28:23 | DEBUG | utils.lookups_bi_parametrizacao:79 | [BIParamLookup] Coluna 'utm_campaign_raw' encontrada para 'utm_campaign'
2025-04-30 14:28:23 | DEBUG | utils.lookups_bi_parametrizacao:115 | [BIParamLookup] Mapeamento 'ad_name' gerado com 101 chaves
2025-04-30 14:28:23 | INFO  | utils.lookups_bi_parametrizacao:132 | [BIParamLookup] campaign mappings from ad_name carregados: 101 chaves
2025-04-30 14:28:23 | DEBUG | urllib3.util.retry:286 | Converted retries value: 3 -> Retry(total=3, connect=None, read=None, redirect=None, status=None)
2025-04-30 14:28:23 | DEBUG | google.auth.transport.requests:185 | Making request: POST https://oauth2.googleapis.com/token
2025-04-30 14:28:23 | DEBUG | urllib3.connectionpool:1049 | Starting new HTTPS connection (1): oauth2.googleapis.com:443
2025-04-30 14:28:23 | DEBUG | urllib3.connectionpool:544 | https://oauth2.googleapis.com:443 "POST /token HTTP/1.1" 200 None
2025-04-30 14:28:23 | DEBUG | urllib3.connectionpool:1049 | Starting new HTTPS connection (1): sheets.googleapis.com:443
2025-04-30 14:28:23 | DEBUG | urllib3.connectionpool:544 | https://sheets.googleapis.com:443 "GET /v4/spreadsheets/1DazUQxspLgT0utOFHcTINbFngXw7Fq0LOq6v4lRGixg?includeGridData=false HTTP/1.1" 200 None
2025-04-30 14:28:24 | DEBUG | urllib3.connectionpool:544 | https://sheets.googleapis.com:443 "GET /v4/spreadsheets/1DazUQxspLgT0utOFHcTINbFngXw7Fq0LOq6v4lRGixg?includeGridData=false HTTP/1.1" 200 None
2025-04-30 14:28:24 | DEBUG | urllib3.connectionpool:544 | https://sheets.googleapis.com:443 "GET /v4/spreadsheets/1DazUQxspLgT0utOFHcTINbFngXw7Fq0LOq6v4lRGixg/values/%27BI_PARAMETRIZA%C3%87%C3%83O%27%21A2%3AZZ HTTP/1.1" 200 None
2025-04-30 14:28:24 | DEBUG | utils.normalize:312 | normalize_columns: recebendo colunas ['', 'campaign_name', 'platform_network_portal', 'vehicle', 'category', 'format', 'region', 'remarketing_or_action', 'start', 'end', 'ad_name_raw', 'ad_preview_link', 'landing_page_url', 'responsible', 'objective', 'purchase_type', 'segmentation', 'responible', 'utm_content_raw', 'utm_source_raw', 'remarketing_or_action_raw', 'agency_raw', 'utm_campaign_raw', 'base_urn', 'type_comunication', 'utm_source', 'utm_medium', 'utm_medium2', 'formato', 'utm_campaign', 'objective', 'region', 'utm_term', 'utm_content', 'url_final_raw', 'taxonomy_campaign_name', 'taxonomy_ad_group_name', 'taxonomy_ad_name', 'generate_parametrized_link', 'parametrized_link', 'taxonomy_campaign_name_social', 'taxonomy_ad_group_name_social', 'taxonomy_ad_name_social']
2025-04-30 14:28:24 | DEBUG | utils.normalize:324 | normalize_columns: colunas normalizadas ['', 'campaign_name', 'platform_network_portal', 'vehicle', 'category', 'format', 'region', 'remarketing_or_action', 'start', 'end', 'ad_name_raw', 'ad_preview_link', 'landing_page_url', 'responsible', 'objective', 'purchase_type', 'segmentation', 'responible', 'utm_content_raw', 'utm_source_raw', 'remarketing_or_action_raw', 'agency_raw', 'utm_campaign_raw', 'base_urn', 'type_comunication', 'utm_source', 'utm_medium', 'utm_medium2', 'formato', 'utm_campaign', 'objective', 'region', 'utm_term', 'utm_content', 'url_final_raw', 'taxonomy_campaign_name', 'taxonomy_ad_group_name', 'taxonomy_ad_name', 'generate_parametrized_link', 'parametrized_link', 'taxonomy_campaign_name_social', 'taxonomy_ad_group_name_social', 'taxonomy_ad_name_social']
2025-04-30 14:28:24 | WARNING | root:31 | [load_ad_name_mapping] faltam colunas: CRIATIVO
2025-04-30 14:28:24 | DEBUG | root:43 | >>> Initializing BaseGeralETL
2025-04-30 14:28:24 | DEBUG | load_utm_mapping:14 | Loading UTM mapping from BI_PARAMETRIZAÇÃO
2025-04-30 14:28:24 | DEBUG | urllib3.util.retry:286 | Converted retries value: 3 -> Retry(total=3, connect=None, read=None, redirect=None, status=None)
2025-04-30 14:28:24 | DEBUG | google.auth.transport.requests:185 | Making request: POST https://oauth2.googleapis.com/token
2025-04-30 14:28:24 | DEBUG | urllib3.connectionpool:1049 | Starting new HTTPS connection (1): oauth2.googleapis.com:443
2025-04-30 14:28:25 | DEBUG | urllib3.connectionpool:544 | https://oauth2.googleapis.com:443 "POST /token HTTP/1.1" 200 None
2025-04-30 14:28:25 | DEBUG | urllib3.connectionpool:1049 | Starting new HTTPS connection (1): sheets.googleapis.com:443
2025-04-30 14:28:25 | DEBUG | urllib3.connectionpool:544 | https://sheets.googleapis.com:443 "GET /v4/spreadsheets/1DazUQxspLgT0utOFHcTINbFngXw7Fq0LOq6v4lRGixg?includeGridData=false HTTP/1.1" 200 None
2025-04-30 14:28:26 | DEBUG | urllib3.connectionpool:544 | https://sheets.googleapis.com:443 "GET /v4/spreadsheets/1DazUQxspLgT0utOFHcTINbFngXw7Fq0LOq6v4lRGixg?includeGridData=false HTTP/1.1" 200 None
2025-04-30 14:28:26 | DEBUG | urllib3.connectionpool:544 | https://sheets.googleapis.com:443 "GET /v4/spreadsheets/1DazUQxspLgT0utOFHcTINbFngXw7Fq0LOq6v4lRGixg/values/%27BI_PARAMETRIZA%C3%87%C3%83O%27%21A2%3AZZ HTTP/1.1" 200 None
2025-04-30 14:28:26 | INFO  | load_utm_mapping:49 | Loaded 284 UTM entries for start/end lookup
2025-04-30 14:28:26 | INFO  | root:149 | Lendo dados da aba de destino 'modeloGeral'...
2025-04-30 14:28:26 | DEBUG | urllib3.util.retry:286 | Converted retries value: 3 -> Retry(total=3, connect=None, read=None, redirect=None, status=None)
2025-04-30 14:28:26 | DEBUG | google.auth.transport.requests:185 | Making request: POST https://oauth2.googleapis.com/token
2025-04-30 14:28:26 | DEBUG | urllib3.connectionpool:1049 | Starting new HTTPS connection (1): oauth2.googleapis.com:443
2025-04-30 14:28:26 | DEBUG | urllib3.connectionpool:544 | https://oauth2.googleapis.com:443 "POST /token HTTP/1.1" 200 None
2025-04-30 14:28:26 | DEBUG | urllib3.connectionpool:1049 | Starting new HTTPS connection (1): sheets.googleapis.com:443
2025-04-30 14:28:27 | DEBUG | urllib3.connectionpool:544 | https://sheets.googleapis.com:443 "GET /v4/spreadsheets/1DazUQxspLgT0utOFHcTINbFngXw7Fq0LOq6v4lRGixg?includeGridData=false HTTP/1.1" 200 None
2025-04-30 14:28:27 | DEBUG | urllib3.connectionpool:544 | https://sheets.googleapis.com:443 "GET /v4/spreadsheets/1DazUQxspLgT0utOFHcTINbFngXw7Fq0LOq6v4lRGixg?includeGridData=false HTTP/1.1" 200 None
2025-04-30 14:28:27 | DEBUG | urllib3.connectionpool:544 | https://sheets.googleapis.com:443 "GET /v4/spreadsheets/1DazUQxspLgT0utOFHcTINbFngXw7Fq0LOq6v4lRGixg/values/%27modeloGeral%27%21A1%3AAM HTTP/1.1" 200 None
2025-04-30 14:28:27 | INFO  | root:158 | Executando ETL Geral para 'tiktok'...
2025-04-30 14:28:27 | DEBUG | root:95 | >>> Starting BaseGeralETL.processar()
2025-04-30 14:28:27 | DEBUG | root:61 | [renomear_colunas_origem_para_modelo] Colunas após renomear: ['Data', 'Nome_da_Conta', 'Campaign_name', 'Nome_do_Conjunto_de_Anuncio', 'Nome_do_Anuncio', 'Campaign_ID', 'Inicio_da_Campanha', 'Fim_da_Campanha', 'Objetivo', 'URL_do_Anuncio', 'Placement', 'ID_Content', 'Impressoes', 'Investimento', 'Cliques_no_Link', 'Video_Play', 'Visualizacoes_ate_25', 'Visualizacoes_ate_50', 'Visualizacoes_ate_75', 'Visualizacoes_ate_100', 'Reacoes', 'Compartilhamentos', 'Comentarios', 'Post comments.1', 'Unnamed: 24', 'Unnamed: 25', 'Unnamed: 26', 'Unnamed: 27', 'Unnamed: 28', 'Unnamed: 29', 'Unnamed: 30', 'Unnamed: 31', 'Unnamed: 32', 'Unnamed: 33', 'Unnamed: 34', 'Unnamed: 35']
2025-04-30 14:28:27 | DEBUG | root:55 | Filling missing Start/End from UTM mapping
